
#
# Copyright 2016-2017 The Reaktivity Project
#
# The Reaktivity Project licenses this file to you under the Apache License,
# version 2.0 (the "License"); you may not use this file except in compliance
# with the License. You may obtain a copy of the License at:
#
#   http://www.apache.org/licenses/LICENSE-2.0
#
# Unless required by applicable law or agreed to in writing, software
# distributed under the License is distributed on an "AS IS" BASIS, WITHOUT
# WARRANTIES OR CONDITIONS OF ANY KIND, either express or implied. See the
# License for the specific language governing permissions and limitations
# under the License.
#

property newServerConnectRef1 ${nuklei:newReferenceId()} # external scope
property newServerConnectRef2 ${nuklei:newReferenceId()} # external scope

property nukleiR00C ${nuklei:directory("target/nukleus-itests").controlCapacity(1024, 1024)}

property controlR00C ${nukleiR00C.control("example")}

property routeAuthorization1 [0x00 0x00 0x00 0x00 0x00 0x00 0x00 0x00]
property routeAuthorization2 [0x00 0x00 0x00 0x00 0x00 0x00 0x00 0x00]

connect "agrona://stream/bidirectional"
        option agrona:reader ${agrona:broadcastReceiver(controlR00C.controller)}
        option agrona:writer ${agrona:manyToOneWriter(controlR00C.nukleus)}

connected

write [0x00 0x00 0x00 0x01]
write ${controlR00C.nextCorrelationId()}
write [0x00]
write [0x06] "source"
write [0x00 0x00 0x00 0x00 0x00 0x00 0x00 0x00]
write [0x06] "target"
write ${newServerConnectRef1}
write ${routeAuthorization1}
write flush

read [0x40 0x00 0x00 0x01]
read ${controlR00C.correlationId()}
read ([0..8]:newServerAcceptRef1)

write [0x00 0x00 0x00 0x01]
write ${controlR00C.nextCorrelationId()}
write [0x00]
write [0x06] "source"
write [0x00 0x00 0x00 0x00 0x00 0x00 0x00 0x00]
write [0x06] "target"
write ${newServerConnectRef2}
write ${routeAuthorization2}
write flush

read [0x40 0x00 0x00 0x01]
read ${controlR00C.correlationId()}
read ([0..8]:newServerAcceptRef2)

read notify ROUTED_SERVER

close
closed
